// Jest Snapshot v1, https://goo.gl/fbAQLP

exports[`application component should render 1`] = `"<div>Page loading...</div>"`;
